The matrix_divided module
=========================

Using the matrix_divided function:
----------------------------------

Importing the function:
>>> matrix_divided = __import__('2-matrix_divided').matrix_divided

1. Standard Valid Cases
-----------------------
Basic division:
>>> matrix = [[1, 2, 3], [4, 5, 6]]
>>> matrix_divided(matrix, 3)
[[0.33, 0.67, 1.0], [1.33, 1.67, 2.0]]

Negative numbers and floats:
>>> matrix = [[1.5, -2.5], [3.3, -4.4]]
>>> matrix_divided(matrix, 2)
[[0.75, -1.25], [1.65, -2.2]]

Check that the original matrix is not modified:
>>> matrix
[[1.5, -2.5], [3.3, -4.4]]

2. Error Cases: 'div' Validation
--------------------------------
Div is not a number:
>>> matrix_divided(matrix, "2")
Traceback (most recent call last):
    ...
TypeError: div must be a number

Div is zero:
>>> matrix_divided(matrix, 0)
Traceback (most recent call last):
    ...
ZeroDivisionError: division by zero

3. Error Cases: Matrix Structure
--------------------------------
Matrix is not a list:
>>> matrix_divided((1, 2), 2)
Traceback (most recent call last):
    ...
TypeError: matrix must be a matrix (list of lists) of integers/floats

Matrix is a list but not of lists:
>>> matrix_divided([1, 2, 3], 2)
Traceback (most recent call last):
    ...
TypeError: matrix must be a matrix (list of lists) of integers/floats

Matrix contains non-numbers:
>>> matrix = [[1, 2], [3, "4"]]
>>> matrix_divided(matrix, 2)
Traceback (most recent call last):
    ...
TypeError: matrix must be a matrix (list of lists) of integers/floats

4. Error Cases: Row Sizes
-------------------------
Rows have different sizes:
>>> matrix = [[1, 2, 3], [4, 5]]
>>> matrix_divided(matrix, 2)
Traceback (most recent call last):
    ...
TypeError: Each row of the matrix must have the same size
