The say_my_name module
======================

Using the say_my_name function:
-------------------------------

Importing the function:
>>> say_my_name = __import__('3-say_my_name').say_my_name

1. Standard Valid Cases
-----------------------
First and Last name provided:
>>> say_my_name("John", "Smith")
My name is John Smith

Only First name provided (Last name defaults to ""):
>>> say_my_name("Walter")
My name is Walter 

Empty strings:
>>> say_my_name("", "")
My name is  

2. Error Cases: Type Validation
-------------------------------
first_name is an integer:
>>> say_my_name(12, "White")
Traceback (most recent call last):
    ...
TypeError: first_name must be a string

first_name is a list:
>>> say_my_name(["H"], "White")
Traceback (most recent call last):
    ...
TypeError: first_name must be a string

last_name is an integer:
>>> say_my_name("Walter", 12)
Traceback (most recent call last):
    ...
TypeError: last_name must be a string

last_name is None:
>>> say_my_name("Bob", None)
Traceback (most recent call last):
    ...
TypeError: last_name must be a string
